16:04:04 **** Incremental Build of configuration Debug for project day7 ****
make -j8 all 
arm-none-eabi-size   day7.elf 
   text	   data	    bss	    dec	    hex	filename
   4864	    100	   1900	   6864	   1ad0	day7.elf
Finished building: default.size.stdout
 
16:04:47 **** Incremental Build of configuration Debug for project day7 ****
make -j8 all 
arm-none-eabi-size   day7.elf 
   text	   data	    bss	    dec	    hex	filename
   4864	    100	   1900	   6864	   1ad0	day7.elf
Finished building: default.size.stdout
 
16:05:17 **** Incremental Build of configuration Debug for project day7 ****
make -j8 all 
arm-none-eabi-size   day7.elf 
   text	   data	    bss	    dec	    hex	filename
   4864	    100	   1900	   6864	   1ad0	day7.elf
Finished building: default.size.stdout
 
